missing renders: 0
{
 "clip_skull": {
  "peak": {
   "value": 0.9788689613342285,
   "dx": 975.0,
   "dz": 60.0
  },
  "above_50pct": {
   "area_mm2": 29500.0,
   "dx_range": [
    475.0,
    1500.0
   ],
   "dz_range": [
    40.0,
    380.0
   ]
  },
  "above_70pct": {
   "area_mm2": 14500.0,
   "dx_range": [
    500.0,
    1475.0
   ],
   "dz_range": [
    60.0,
    380.0
   ]
  },
  "above_90pct": {
   "area_mm2": 4000.0,
   "dx_range": [
    675.0,
    1050.0
   ],
   "dz_range": [
    60.0,
    160.0
   ]
  },
  "above_95pct": {
   "area_mm2": 2500.0,
   "dx_range": [
    950.0,
    1025.0
   ],
   "dz_range": [
    60.0,
    80.0
   ]
  },
  "displacement_from_boxer_mm": {
   "dx": 198.10000000000002,
   "dz": -197.89999999999998,
   "euclid": 280.01432106233426
  },
  "displacement_in_expert_disagreement_units": {
   "dx": 15.23846153846154,
   "dz": -1.4340579710144925
  },
  "inside_boxer_2sigma_ellipse": false
 },
 "clip_sim": {
  "peak": {
   "value": 0.28317201137542725,
   "dx": 650.0,
   "dz": 380.0
  },
  "above_50pct": {
   "area_mm2": 707500.0,
   "dx_range": [
    300.0,
    1500.0
   ],
   "dz_range": [
    40.0,
    600.0
   ]
  },
  "above_70pct": {
   "area_mm2": 431000.0,
   "dx_range": [
    300.0,
    1500.0
   ],
   "dz_range": [
    40.0,
    600.0
   ]
  },
  "above_90pct": {
   "area_mm2": 19000.0,
   "dx_range": [
    450.0,
    1050.0
   ],
   "dz_range": [
    60.0,
    520.0
   ]
  },
  "above_95pct": {
   "area_mm2": 5000.0,
   "dx_range": [
    475.0,
    975.0
   ],
   "dz_range": [
    60.0,
    380.0
   ]
  },
  "displacement_from_boxer_mm": {
   "dx": -126.89999999999998,
   "dz": 122.10000000000002,
   "euclid": 176.10229981462479
  },
  "displacement_in_expert_disagreement_units": {
   "dx": -9.76153846153846,
   "dz": 0.8847826086956523
  },
  "inside_boxer_2sigma_ellipse": false
 },
 "resemblance": {
  "peak": {
   "value": 0.6063064336776733,
   "dx": 675.0,
   "dz": 160.0
  },
  "above_50pct": {
   "area_mm2": 707500.0,
   "dx_range": [
    300.0,
    1500.0
   ],
   "dz_range": [
    40.0,
    600.0
   ]
  },
  "above_70pct": {
   "area_mm2": 689000.0,
   "dx_range": [
    300.0,
    1500.0
   ],
   "dz_range": [
    40.0,
    600.0
   ]
  },
  "above_90pct": {
   "area_mm2": 123500.0,
   "dx_range": [
    325.0,
    1050.0
   ],
   "dz_range": [
    60.0,
    600.0
   ]
  },
  "above_95pct": {
   "area_mm2": 21000.0,
   "dx_range": [
    400.0,
    775.0
   ],
   "dz_range": [
    80.0,
    600.0
   ]
  },
  "displacement_from_boxer_mm": {
   "dx": -101.89999999999998,
   "dz": -97.89999999999998,
   "euclid": 141.30824462854244
  },
  "displacement_in_expert_disagreement_units": {
   "dx": -7.838461538461536,
   "dz": -0.7094202898550723
  },
  "inside_boxer_2sigma_ellipse": false
 }
}
collapse by angle: {"700": {"0": 1.0, "15": 1.0, "30": 0.8823529411764706, "45": 0.64, "60": 0.2903225806451613, "75": 0.782608695652174, "90": 0.8333333333333334, "105": 1.0}, "1400": {"0": 0.0, "15": 0.0, "30": 0.0, "45": 0.2, "60": 0.41935483870967744, "75": 0.5652173913043478, "90": 0.16666666666666666, "105": 0.0}, "2000": {"0": 0.0, "15": 0.0, "30": 0.058823529411764705, "45": 0.44, "60": 0.4838709677419355, "75": 0.5217391304347826, "90": 0.5833333333333334, "105": 1.0}, "2800": {"0": 0.0, "15": 0.1111111111111111, "30": 0.35294117647058826, "45": 0.48, "60": 0.5806451612903226, "75": 0.5217391304347826, "90": 0.6666666666666666, "105": 1.0}}
