missing renders: 0
{
 "clip_skull": {
  "peak": {
   "value": 0.9688702821731567,
   "dx": 1450.0,
   "dz": 120.0
  },
  "above_50pct": {
   "area_mm2": 138000.0,
   "dx_range": [
    450.0,
    1500.0
   ],
   "dz_range": [
    40.0,
    440.0
   ]
  },
  "above_70pct": {
   "area_mm2": 76000.0,
   "dx_range": [
    550.0,
    1500.0
   ],
   "dz_range": [
    40.0,
    400.0
   ]
  },
  "above_90pct": {
   "area_mm2": 28000.0,
   "dx_range": [
    550.0,
    1500.0
   ],
   "dz_range": [
    80.0,
    400.0
   ]
  },
  "above_95pct": {
   "area_mm2": 12000.0,
   "dx_range": [
    550.0,
    1500.0
   ],
   "dz_range": [
    80.0,
    400.0
   ]
  },
  "displacement_from_boxer_mm": {
   "dx": 673.1,
   "dz": -137.89999999999998,
   "euclid": 687.0807958311744
  },
  "displacement_in_expert_disagreement_units": {
   "dx": 51.776923076923076,
   "dz": -0.9992753623188404
  },
  "inside_boxer_2sigma_ellipse": false
 },
 "clip_sim": {
  "peak": {
   "value": 0.29340022802352905,
   "dx": 650.0,
   "dz": 160.0
  },
  "above_50pct": {
   "area_mm2": 694000.0,
   "dx_range": [
    300.0,
    1500.0
   ],
   "dz_range": [
    40.0,
    600.0
   ]
  },
  "above_70pct": {
   "area_mm2": 408000.0,
   "dx_range": [
    300.0,
    1500.0
   ],
   "dz_range": [
    40.0,
    600.0
   ]
  },
  "above_90pct": {
   "area_mm2": 38000.0,
   "dx_range": [
    450.0,
    700.0
   ],
   "dz_range": [
    160.0,
    600.0
   ]
  },
  "above_95pct": {
   "area_mm2": 10000.0,
   "dx_range": [
    550.0,
    650.0
   ],
   "dz_range": [
    160.0,
    520.0
   ]
  },
  "displacement_from_boxer_mm": {
   "dx": -126.89999999999998,
   "dz": -97.89999999999998,
   "euclid": 160.2748264700355
  },
  "displacement_in_expert_disagreement_units": {
   "dx": -9.76153846153846,
   "dz": -0.7094202898550723
  },
  "inside_boxer_2sigma_ellipse": false
 },
 "resemblance": {
  "peak": {
   "value": 0.602792501449585,
   "dx": 650.0,
   "dz": 160.0
  },
  "above_50pct": {
   "area_mm2": 750000.0,
   "dx_range": [
    300.0,
    1500.0
   ],
   "dz_range": [
    40.0,
    600.0
   ]
  },
  "above_70pct": {
   "area_mm2": 710000.0,
   "dx_range": [
    300.0,
    1500.0
   ],
   "dz_range": [
    40.0,
    600.0
   ]
  },
  "above_90pct": {
   "area_mm2": 152000.0,
   "dx_range": [
    400.0,
    1050.0
   ],
   "dz_range": [
    80.0,
    600.0
   ]
  },
  "above_95pct": {
   "area_mm2": 36000.0,
   "dx_range": [
    450.0,
    700.0
   ],
   "dz_range": [
    120.0,
    560.0
   ]
  },
  "displacement_from_boxer_mm": {
   "dx": -126.89999999999998,
   "dz": -97.89999999999998,
   "euclid": 160.2748264700355
  },
  "displacement_in_expert_disagreement_units": {
   "dx": -9.76153846153846,
   "dz": -0.7094202898550723
  },
  "inside_boxer_2sigma_ellipse": false
 }
}
collapse by angle: {"700": {}, "1400": {}, "2000": {}, "2800": {}}
