missing renders: 0
{
 "clip_skull": {
  "peak": {
   "value": 0.8338141441345215,
   "dx": 1000.0,
   "dz": 480.0
  },
  "above_50pct": {
   "area_mm2": 12000.0,
   "dx_range": [
    550.0,
    1100.0
   ],
   "dz_range": [
    80.0,
    600.0
   ]
  },
  "above_70pct": {
   "area_mm2": 6000.0,
   "dx_range": [
    1000.0,
    1100.0
   ],
   "dz_range": [
    480.0,
    600.0
   ]
  },
  "above_90pct": {
   "area_mm2": 2000.0,
   "dx_range": [
    1000.0,
    1000.0
   ],
   "dz_range": [
    480.0,
    480.0
   ]
  },
  "above_95pct": {
   "area_mm2": 2000.0,
   "dx_range": [
    1000.0,
    1000.0
   ],
   "dz_range": [
    480.0,
    480.0
   ]
  },
  "displacement_from_boxer_mm": {
   "dx": 223.10000000000002,
   "dz": 222.10000000000002,
   "euclid": 314.8047331283315
  },
  "displacement_in_expert_disagreement_units": {
   "dx": 17.161538461538463,
   "dz": 1.6094202898550727
  },
  "inside_boxer_2sigma_ellipse": false
 },
 "clip_sim": {
  "peak": {
   "value": 0.26382169127464294,
   "dx": 950.0,
   "dz": 400.0
  },
  "above_50pct": {
   "area_mm2": 750000.0,
   "dx_range": [
    300.0,
    1500.0
   ],
   "dz_range": [
    40.0,
    600.0
   ]
  },
  "above_70pct": {
   "area_mm2": 748000.0,
   "dx_range": [
    300.0,
    1500.0
   ],
   "dz_range": [
    40.0,
    600.0
   ]
  },
  "above_90pct": {
   "area_mm2": 62000.0,
   "dx_range": [
    350.0,
    1100.0
   ],
   "dz_range": [
    120.0,
    600.0
   ]
  },
  "above_95pct": {
   "area_mm2": 12000.0,
   "dx_range": [
    450.0,
    1000.0
   ],
   "dz_range": [
    400.0,
    600.0
   ]
  },
  "displacement_from_boxer_mm": {
   "dx": 173.10000000000002,
   "dz": 142.10000000000002,
   "euclid": 223.9553973450964
  },
  "displacement_in_expert_disagreement_units": {
   "dx": 13.315384615384618,
   "dz": 1.0297101449275363
  },
  "inside_boxer_2sigma_ellipse": false
 },
 "resemblance": {
  "peak": {
   "value": 0.5654367804527283,
   "dx": 900.0,
   "dz": 600.0
  },
  "above_50pct": {
   "area_mm2": 344000.0,
   "dx_range": [
    300.0,
    1100.0
   ],
   "dz_range": [
    40.0,
    600.0
   ]
  },
  "above_70pct": {
   "area_mm2": 340000.0,
   "dx_range": [
    300.0,
    1100.0
   ],
   "dz_range": [
    40.0,
    600.0
   ]
  },
  "above_90pct": {
   "area_mm2": 184000.0,
   "dx_range": [
    300.0,
    1000.0
   ],
   "dz_range": [
    40.0,
    600.0
   ]
  },
  "above_95pct": {
   "area_mm2": 46000.0,
   "dx_range": [
    400.0,
    950.0
   ],
   "dz_range": [
    240.0,
    600.0
   ]
  },
  "displacement_from_boxer_mm": {
   "dx": 123.10000000000002,
   "dz": 342.1,
   "euclid": 363.5739539626017
  },
  "displacement_in_expert_disagreement_units": {
   "dx": 9.469230769230771,
   "dz": 2.478985507246377
  },
  "inside_boxer_2sigma_ellipse": false
 }
}
collapse by angle: {"700": {}, "1400": {}, "2000": {}, "2800": {}}
