missing renders: 0
{
 "clip_skull": {
  "peak": {
   "value": 0.035878218710422516,
   "dx": 1400.0,
   "dz": 40.0
  },
  "above_50pct": {
   "area_mm2": 4000.0,
   "dx_range": [
    1400.0,
    1500.0
   ],
   "dz_range": [
    40.0,
    40.0
   ]
  },
  "above_70pct": {
   "area_mm2": 4000.0,
   "dx_range": [
    1400.0,
    1500.0
   ],
   "dz_range": [
    40.0,
    40.0
   ]
  },
  "above_90pct": {
   "area_mm2": 4000.0,
   "dx_range": [
    1400.0,
    1500.0
   ],
   "dz_range": [
    40.0,
    40.0
   ]
  },
  "above_95pct": {
   "area_mm2": 2000.0,
   "dx_range": [
    1400.0,
    1400.0
   ],
   "dz_range": [
    40.0,
    40.0
   ]
  },
  "displacement_from_boxer_mm": {
   "dx": 623.1,
   "dz": -217.89999999999998,
   "euclid": 660.1015224948356
  },
  "displacement_in_expert_disagreement_units": {
   "dx": 47.93076923076923,
   "dz": -1.5789855072463765
  },
  "inside_boxer_2sigma_ellipse": false
 },
 "clip_sim": {
  "peak": {
   "value": 0.2450661063194275,
   "dx": 450.0,
   "dz": 120.0
  },
  "above_50pct": {
   "area_mm2": 750000.0,
   "dx_range": [
    300.0,
    1500.0
   ],
   "dz_range": [
    40.0,
    600.0
   ]
  },
  "above_70pct": {
   "area_mm2": 616000.0,
   "dx_range": [
    300.0,
    1500.0
   ],
   "dz_range": [
    40.0,
    600.0
   ]
  },
  "above_90pct": {
   "area_mm2": 60000.0,
   "dx_range": [
    300.0,
    1500.0
   ],
   "dz_range": [
    40.0,
    560.0
   ]
  },
  "above_95pct": {
   "area_mm2": 16000.0,
   "dx_range": [
    450.0,
    1500.0
   ],
   "dz_range": [
    40.0,
    360.0
   ]
  },
  "displacement_from_boxer_mm": {
   "dx": -326.9,
   "dz": -137.89999999999998,
   "euclid": 354.7957440556467
  },
  "displacement_in_expert_disagreement_units": {
   "dx": -25.146153846153844,
   "dz": -0.9992753623188404
  },
  "inside_boxer_2sigma_ellipse": false
 },
 "resemblance": {
  "peak": {
   "value": 0.5126651525497437,
   "dx": 1100.0,
   "dz": 480.0
  },
  "above_50pct": {
   "area_mm2": 750000.0,
   "dx_range": [
    300.0,
    1500.0
   ],
   "dz_range": [
    40.0,
    600.0
   ]
  },
  "above_70pct": {
   "area_mm2": 750000.0,
   "dx_range": [
    300.0,
    1500.0
   ],
   "dz_range": [
    40.0,
    600.0
   ]
  },
  "above_90pct": {
   "area_mm2": 314000.0,
   "dx_range": [
    300.0,
    1500.0
   ],
   "dz_range": [
    40.0,
    600.0
   ]
  },
  "above_95pct": {
   "area_mm2": 54000.0,
   "dx_range": [
    300.0,
    1450.0
   ],
   "dz_range": [
    40.0,
    600.0
   ]
  },
  "displacement_from_boxer_mm": {
   "dx": 323.1,
   "dz": 222.10000000000002,
   "euclid": 392.0739981177023
  },
  "displacement_in_expert_disagreement_units": {
   "dx": 24.853846153846156,
   "dz": 1.6094202898550727
  },
  "inside_boxer_2sigma_ellipse": false
 }
}
collapse by angle: {"700": {}, "1400": {}, "2000": {}, "2800": {}}
