missing renders: 0
{
 "clip_skull": {
  "peak": {
   "value": 0.9302018880844116,
   "dx": 1100.0,
   "dz": 280.0
  },
  "above_50pct": {
   "area_mm2": 32000.0,
   "dx_range": [
    500.0,
    1500.0
   ],
   "dz_range": [
    80.0,
    480.0
   ]
  },
  "above_70pct": {
   "area_mm2": 18000.0,
   "dx_range": [
    500.0,
    1100.0
   ],
   "dz_range": [
    80.0,
    280.0
   ]
  },
  "above_90pct": {
   "area_mm2": 4000.0,
   "dx_range": [
    1100.0,
    1100.0
   ],
   "dz_range": [
    240.0,
    280.0
   ]
  },
  "above_95pct": {
   "area_mm2": 4000.0,
   "dx_range": [
    1100.0,
    1100.0
   ],
   "dz_range": [
    240.0,
    280.0
   ]
  },
  "displacement_from_boxer_mm": {
   "dx": 323.1,
   "dz": 22.100000000000023,
   "euclid": 323.8549366614627
  },
  "displacement_in_expert_disagreement_units": {
   "dx": 24.853846153846156,
   "dz": 0.16014492753623205
  },
  "inside_boxer_2sigma_ellipse": false
 },
 "clip_sim": {
  "peak": {
   "value": 0.2915666103363037,
   "dx": 600.0,
   "dz": 80.0
  },
  "above_50pct": {
   "area_mm2": 750000.0,
   "dx_range": [
    300.0,
    1500.0
   ],
   "dz_range": [
    40.0,
    600.0
   ]
  },
  "above_70pct": {
   "area_mm2": 618000.0,
   "dx_range": [
    300.0,
    1500.0
   ],
   "dz_range": [
    40.0,
    600.0
   ]
  },
  "above_90pct": {
   "area_mm2": 46000.0,
   "dx_range": [
    400.0,
    1100.0
   ],
   "dz_range": [
    80.0,
    600.0
   ]
  },
  "above_95pct": {
   "area_mm2": 10000.0,
   "dx_range": [
    450.0,
    750.0
   ],
   "dz_range": [
    80.0,
    600.0
   ]
  },
  "displacement_from_boxer_mm": {
   "dx": -176.89999999999998,
   "dz": -177.89999999999998,
   "euclid": 250.88248244945277
  },
  "displacement_in_expert_disagreement_units": {
   "dx": -13.607692307692306,
   "dz": -1.2891304347826085
  },
  "inside_boxer_2sigma_ellipse": false
 },
 "resemblance": {
  "peak": {
   "value": 0.5818002223968506,
   "dx": 650.0,
   "dz": 120.0
  },
  "above_50pct": {
   "area_mm2": 634000.0,
   "dx_range": [
    300.0,
    1500.0
   ],
   "dz_range": [
    40.0,
    600.0
   ]
  },
  "above_70pct": {
   "area_mm2": 628000.0,
   "dx_range": [
    300.0,
    1500.0
   ],
   "dz_range": [
    40.0,
    600.0
   ]
  },
  "above_90pct": {
   "area_mm2": 234000.0,
   "dx_range": [
    300.0,
    1350.0
   ],
   "dz_range": [
    40.0,
    600.0
   ]
  },
  "above_95pct": {
   "area_mm2": 68000.0,
   "dx_range": [
    350.0,
    1100.0
   ],
   "dz_range": [
    80.0,
    600.0
   ]
  },
  "displacement_from_boxer_mm": {
   "dx": -126.89999999999998,
   "dz": -137.89999999999998,
   "euclid": 187.40336176280294
  },
  "displacement_in_expert_disagreement_units": {
   "dx": -9.76153846153846,
   "dz": -0.9992753623188404
  },
  "inside_boxer_2sigma_ellipse": false
 }
}
collapse by angle: {"700": {}, "1400": {}, "2000": {}, "2800": {}}
