missing renders: 0
{
 "clip_skull": {
  "peak": {
   "value": 0.4168267846107483,
   "dx": 1100.0,
   "dz": 600.0
  },
  "above_50pct": {
   "area_mm2": 438000.0,
   "dx_range": [
    500.0,
    1500.0
   ],
   "dz_range": [
    40.0,
    600.0
   ]
  },
  "above_70pct": {
   "area_mm2": 434000.0,
   "dx_range": [
    500.0,
    1500.0
   ],
   "dz_range": [
    40.0,
    600.0
   ]
  },
  "above_90pct": {
   "area_mm2": 426000.0,
   "dx_range": [
    500.0,
    1500.0
   ],
   "dz_range": [
    40.0,
    600.0
   ]
  },
  "above_95pct": {
   "area_mm2": 424000.0,
   "dx_range": [
    500.0,
    1500.0
   ],
   "dz_range": [
    40.0,
    600.0
   ]
  },
  "displacement_from_boxer_mm": {
   "dx": 323.1,
   "dz": 342.1,
   "euclid": 470.5592630052032
  },
  "displacement_in_expert_disagreement_units": {
   "dx": 24.853846153846156,
   "dz": 2.478985507246377
  },
  "inside_boxer_2sigma_ellipse": false
 },
 "clip_sim": {
  "peak": {
   "value": 0.26312142610549927,
   "dx": 900.0,
   "dz": 400.0
  },
  "above_50pct": {
   "area_mm2": 750000.0,
   "dx_range": [
    300.0,
    1500.0
   ],
   "dz_range": [
    40.0,
    600.0
   ]
  },
  "above_70pct": {
   "area_mm2": 740000.0,
   "dx_range": [
    300.0,
    1500.0
   ],
   "dz_range": [
    40.0,
    600.0
   ]
  },
  "above_90pct": {
   "area_mm2": 48000.0,
   "dx_range": [
    450.0,
    950.0
   ],
   "dz_range": [
    120.0,
    600.0
   ]
  },
  "above_95pct": {
   "area_mm2": 4000.0,
   "dx_range": [
    700.0,
    900.0
   ],
   "dz_range": [
    400.0,
    560.0
   ]
  },
  "displacement_from_boxer_mm": {
   "dx": 123.10000000000002,
   "dz": 142.10000000000002,
   "euclid": 188.005372263667
  },
  "displacement_in_expert_disagreement_units": {
   "dx": 9.469230769230771,
   "dz": 1.0297101449275363
  },
  "inside_boxer_2sigma_ellipse": false
 },
 "resemblance": {
  "peak": {
   "value": 0.581235945224762,
   "dx": 850.0,
   "dz": 600.0
  },
  "above_50pct": {
   "area_mm2": 328000.0,
   "dx_range": [
    300.0,
    1050.0
   ],
   "dz_range": [
    40.0,
    600.0
   ]
  },
  "above_70pct": {
   "area_mm2": 326000.0,
   "dx_range": [
    300.0,
    1050.0
   ],
   "dz_range": [
    40.0,
    600.0
   ]
  },
  "above_90pct": {
   "area_mm2": 110000.0,
   "dx_range": [
    350.0,
    950.0
   ],
   "dz_range": [
    40.0,
    600.0
   ]
  },
  "above_95pct": {
   "area_mm2": 14000.0,
   "dx_range": [
    650.0,
    850.0
   ],
   "dz_range": [
    440.0,
    600.0
   ]
  },
  "displacement_from_boxer_mm": {
   "dx": 73.10000000000002,
   "dz": 342.1,
   "euclid": 349.82284087806505
  },
  "displacement_in_expert_disagreement_units": {
   "dx": 5.623076923076924,
   "dz": 2.478985507246377
  },
  "inside_boxer_2sigma_ellipse": false
 }
}
collapse by angle: {"700": {}, "1400": {}, "2000": {}, "2800": {}}
