missing renders: 0
{
 "clip_skull": {
  "peak": {
   "value": 0.9516050219535828,
   "dx": 1450.0,
   "dz": 600.0
  },
  "above_50pct": {
   "area_mm2": 42000.0,
   "dx_range": [
    950.0,
    1500.0
   ],
   "dz_range": [
    360.0,
    600.0
   ]
  },
  "above_70pct": {
   "area_mm2": 20000.0,
   "dx_range": [
    1350.0,
    1500.0
   ],
   "dz_range": [
    400.0,
    600.0
   ]
  },
  "above_90pct": {
   "area_mm2": 4000.0,
   "dx_range": [
    1400.0,
    1450.0
   ],
   "dz_range": [
    600.0,
    600.0
   ]
  },
  "above_95pct": {
   "area_mm2": 4000.0,
   "dx_range": [
    1400.0,
    1450.0
   ],
   "dz_range": [
    600.0,
    600.0
   ]
  },
  "displacement_from_boxer_mm": {
   "dx": 673.1,
   "dz": 342.1,
   "euclid": 755.0470316476981
  },
  "displacement_in_expert_disagreement_units": {
   "dx": 51.776923076923076,
   "dz": 2.478985507246377
  },
  "inside_boxer_2sigma_ellipse": false
 },
 "clip_sim": {
  "peak": {
   "value": 0.2823476195335388,
   "dx": 1400.0,
   "dz": 600.0
  },
  "above_50pct": {
   "area_mm2": 750000.0,
   "dx_range": [
    300.0,
    1500.0
   ],
   "dz_range": [
    40.0,
    600.0
   ]
  },
  "above_70pct": {
   "area_mm2": 732000.0,
   "dx_range": [
    300.0,
    1500.0
   ],
   "dz_range": [
    40.0,
    600.0
   ]
  },
  "above_90pct": {
   "area_mm2": 8000.0,
   "dx_range": [
    1350.0,
    1450.0
   ],
   "dz_range": [
    520.0,
    600.0
   ]
  },
  "above_95pct": {
   "area_mm2": 4000.0,
   "dx_range": [
    1400.0,
    1450.0
   ],
   "dz_range": [
    600.0,
    600.0
   ]
  },
  "displacement_from_boxer_mm": {
   "dx": 623.1,
   "dz": 342.1,
   "euclid": 710.8347346605962
  },
  "displacement_in_expert_disagreement_units": {
   "dx": 47.93076923076923,
   "dz": 2.478985507246377
  },
  "inside_boxer_2sigma_ellipse": false
 },
 "resemblance": {
  "peak": {
   "value": 0.5509174466133118,
   "dx": 1350.0,
   "dz": 280.0
  },
  "above_50pct": {
   "area_mm2": 446000.0,
   "dx_range": [
    500.0,
    1500.0
   ],
   "dz_range": [
    40.0,
    600.0
   ]
  },
  "above_70pct": {
   "area_mm2": 444000.0,
   "dx_range": [
    500.0,
    1500.0
   ],
   "dz_range": [
    40.0,
    600.0
   ]
  },
  "above_90pct": {
   "area_mm2": 260000.0,
   "dx_range": [
    650.0,
    1500.0
   ],
   "dz_range": [
    40.0,
    600.0
   ]
  },
  "above_95pct": {
   "area_mm2": 76000.0,
   "dx_range": [
    750.0,
    1500.0
   ],
   "dz_range": [
    40.0,
    600.0
   ]
  },
  "displacement_from_boxer_mm": {
   "dx": 573.1,
   "dz": 22.100000000000023,
   "euclid": 573.5259540770584
  },
  "displacement_in_expert_disagreement_units": {
   "dx": 44.08461538461539,
   "dz": 0.16014492753623205
  },
  "inside_boxer_2sigma_ellipse": false
 }
}
collapse by angle: {"700": {}, "1400": {}, "2000": {}, "2800": {}}
