missing renders: 0
{
 "clip_skull": {
  "peak": {
   "value": 0.8889938592910767,
   "dx": 1050.0,
   "dz": 40.0
  },
  "above_50pct": {
   "area_mm2": 82000.0,
   "dx_range": [
    800.0,
    1500.0
   ],
   "dz_range": [
    40.0,
    600.0
   ]
  },
  "above_70pct": {
   "area_mm2": 10000.0,
   "dx_range": [
    1000.0,
    1450.0
   ],
   "dz_range": [
    40.0,
    200.0
   ]
  },
  "above_90pct": {
   "area_mm2": 2000.0,
   "dx_range": [
    1050.0,
    1050.0
   ],
   "dz_range": [
    40.0,
    40.0
   ]
  },
  "above_95pct": {
   "area_mm2": 2000.0,
   "dx_range": [
    1050.0,
    1050.0
   ],
   "dz_range": [
    40.0,
    40.0
   ]
  },
  "displacement_from_boxer_mm": {
   "dx": 273.1,
   "dz": -217.89999999999998,
   "euclid": 349.3766162753312
  },
  "displacement_in_expert_disagreement_units": {
   "dx": 21.00769230769231,
   "dz": -1.5789855072463765
  },
  "inside_boxer_2sigma_ellipse": false
 },
 "clip_sim": {
  "peak": {
   "value": 0.26279109716415405,
   "dx": 800.0,
   "dz": 520.0
  },
  "above_50pct": {
   "area_mm2": 750000.0,
   "dx_range": [
    300.0,
    1500.0
   ],
   "dz_range": [
    40.0,
    600.0
   ]
  },
  "above_70pct": {
   "area_mm2": 734000.0,
   "dx_range": [
    300.0,
    1500.0
   ],
   "dz_range": [
    40.0,
    600.0
   ]
  },
  "above_90pct": {
   "area_mm2": 112000.0,
   "dx_range": [
    400.0,
    1450.0
   ],
   "dz_range": [
    40.0,
    600.0
   ]
  },
  "above_95pct": {
   "area_mm2": 30000.0,
   "dx_range": [
    600.0,
    1000.0
   ],
   "dz_range": [
    280.0,
    600.0
   ]
  },
  "displacement_from_boxer_mm": {
   "dx": 23.100000000000023,
   "dz": 262.1,
   "euclid": 263.11598203073873
  },
  "displacement_in_expert_disagreement_units": {
   "dx": 1.7769230769230786,
   "dz": 1.8992753623188408
  },
  "inside_boxer_2sigma_ellipse": false
 },
 "resemblance": {
  "peak": {
   "value": 0.5808678865432739,
   "dx": 900.0,
   "dz": 600.0
  },
  "above_50pct": {
   "area_mm2": 664000.0,
   "dx_range": [
    400.0,
    1500.0
   ],
   "dz_range": [
    40.0,
    600.0
   ]
  },
  "above_70pct": {
   "area_mm2": 664000.0,
   "dx_range": [
    400.0,
    1500.0
   ],
   "dz_range": [
    40.0,
    600.0
   ]
  },
  "above_90pct": {
   "area_mm2": 306000.0,
   "dx_range": [
    450.0,
    1500.0
   ],
   "dz_range": [
    40.0,
    600.0
   ]
  },
  "above_95pct": {
   "area_mm2": 28000.0,
   "dx_range": [
    750.0,
    1200.0
   ],
   "dz_range": [
    320.0,
    600.0
   ]
  },
  "displacement_from_boxer_mm": {
   "dx": 123.10000000000002,
   "dz": 342.1,
   "euclid": 363.5739539626017
  },
  "displacement_in_expert_disagreement_units": {
   "dx": 9.469230769230771,
   "dz": 2.478985507246377
  },
  "inside_boxer_2sigma_ellipse": false
 }
}
collapse by angle: {"700": {}, "1400": {}, "2000": {}, "2800": {}}
