missing renders: 0
{
 "clip_skull": {
  "peak": {
   "value": 0.5095257759094238,
   "dx": 1400.0,
   "dz": 440.0
  },
  "above_50pct": {
   "area_mm2": 560000.0,
   "dx_range": [
    300.0,
    1500.0
   ],
   "dz_range": [
    40.0,
    600.0
   ]
  },
  "above_70pct": {
   "area_mm2": 556000.0,
   "dx_range": [
    300.0,
    1500.0
   ],
   "dz_range": [
    40.0,
    600.0
   ]
  },
  "above_90pct": {
   "area_mm2": 2000.0,
   "dx_range": [
    1400.0,
    1400.0
   ],
   "dz_range": [
    440.0,
    440.0
   ]
  },
  "above_95pct": {
   "area_mm2": 2000.0,
   "dx_range": [
    1400.0,
    1400.0
   ],
   "dz_range": [
    440.0,
    440.0
   ]
  },
  "displacement_from_boxer_mm": {
   "dx": 623.1,
   "dz": 182.10000000000002,
   "euclid": 649.1640932768848
  },
  "displacement_in_expert_disagreement_units": {
   "dx": 47.93076923076923,
   "dz": 1.3195652173913046
  },
  "inside_boxer_2sigma_ellipse": false
 },
 "clip_sim": {
  "peak": {
   "value": 0.2451438307762146,
   "dx": 600.0,
   "dz": 40.0
  },
  "above_50pct": {
   "area_mm2": 750000.0,
   "dx_range": [
    300.0,
    1500.0
   ],
   "dz_range": [
    40.0,
    600.0
   ]
  },
  "above_70pct": {
   "area_mm2": 748000.0,
   "dx_range": [
    300.0,
    1500.0
   ],
   "dz_range": [
    40.0,
    600.0
   ]
  },
  "above_90pct": {
   "area_mm2": 32000.0,
   "dx_range": [
    600.0,
    1500.0
   ],
   "dz_range": [
    40.0,
    560.0
   ]
  },
  "above_95pct": {
   "area_mm2": 12000.0,
   "dx_range": [
    600.0,
    1500.0
   ],
   "dz_range": [
    40.0,
    560.0
   ]
  },
  "displacement_from_boxer_mm": {
   "dx": -176.89999999999998,
   "dz": -217.89999999999998,
   "euclid": 280.66709817860726
  },
  "displacement_in_expert_disagreement_units": {
   "dx": -13.607692307692306,
   "dz": -1.5789855072463765
  },
  "inside_boxer_2sigma_ellipse": false
 },
 "resemblance": {
  "peak": {
   "value": 0.5062829256057739,
   "dx": 1300.0,
   "dz": 80.0
  },
  "above_50pct": {
   "area_mm2": 208000.0,
   "dx_range": [
    600.0,
    1500.0
   ],
   "dz_range": [
    40.0,
    560.0
   ]
  },
  "above_70pct": {
   "area_mm2": 196000.0,
   "dx_range": [
    600.0,
    1500.0
   ],
   "dz_range": [
    40.0,
    520.0
   ]
  },
  "above_90pct": {
   "area_mm2": 108000.0,
   "dx_range": [
    750.0,
    1500.0
   ],
   "dz_range": [
    40.0,
    400.0
   ]
  },
  "above_95pct": {
   "area_mm2": 66000.0,
   "dx_range": [
    950.0,
    1500.0
   ],
   "dz_range": [
    40.0,
    320.0
   ]
  },
  "displacement_from_boxer_mm": {
   "dx": 523.1,
   "dz": -177.89999999999998,
   "euclid": 552.5233207747887
  },
  "displacement_in_expert_disagreement_units": {
   "dx": 40.23846153846154,
   "dz": -1.2891304347826085
  },
  "inside_boxer_2sigma_ellipse": false
 }
}
collapse by angle: {"700": {}, "1400": {}, "2000": {}, "2800": {}}
